Archive member included to satisfy reference by file (symbol)

C:\Users\Luco\repoTest\lib_lucas_board\Debug\liblib_lucas_board.a(LED.o)
                              ./src/DemoLibLucasBoard.o (LED_Init)
C:\Users\Luco\repoTest\lpc_board_nxp_lpcxpresso_1769\Debug\liblpc_board_nxp_lpcxpresso_1769.a(board.o)
                              ./src/DemoLibLucasBoard.o (Board_LED_Set)
C:\Users\Luco\repoTest\lpc_board_nxp_lpcxpresso_1769\Debug\liblpc_board_nxp_lpcxpresso_1769.a(board_sysinit.o)
                              ./src/sysinit.o (Board_SystemInit)
C:\Users\Luco\repoTest\lpc_chip_175x_6x\Debug\liblpc_chip_175x_6x.a(chip_17xx_40xx.o)
                              ./src/DemoLibLucasBoard.o (SystemCoreClockUpdate)
C:\Users\Luco\repoTest\lpc_chip_175x_6x\Debug\liblpc_chip_175x_6x.a(clock_17xx_40xx.o)
                              C:\Users\Luco\repoTest\lpc_chip_175x_6x\Debug\liblpc_chip_175x_6x.a(chip_17xx_40xx.o) (Chip_Clock_EnablePLL)
C:\Users\Luco\repoTest\lpc_chip_175x_6x\Debug\liblpc_chip_175x_6x.a(i2s_17xx_40xx.o)
                              C:\Users\Luco\repoTest\lpc_board_nxp_lpcxpresso_1769\Debug\liblpc_board_nxp_lpcxpresso_1769.a(board.o) (Chip_I2S_Init)
C:\Users\Luco\repoTest\lpc_chip_175x_6x\Debug\liblpc_chip_175x_6x.a(iocon_17xx_40xx.o)
                              C:\Users\Luco\repoTest\lpc_board_nxp_lpcxpresso_1769\Debug\liblpc_board_nxp_lpcxpresso_1769.a(board.o) (Chip_IOCON_PinMux)
C:\Users\Luco\repoTest\lpc_chip_175x_6x\Debug\liblpc_chip_175x_6x.a(sysinit_17xx_40xx.o)
                              C:\Users\Luco\repoTest\lpc_board_nxp_lpcxpresso_1769\Debug\liblpc_board_nxp_lpcxpresso_1769.a(board_sysinit.o) (Chip_SetupXtalClocking)
C:\Users\Luco\repoTest\lpc_chip_175x_6x\Debug\liblpc_chip_175x_6x.a(uart_17xx_40xx.o)
                              C:\Users\Luco\repoTest\lpc_board_nxp_lpcxpresso_1769\Debug\liblpc_board_nxp_lpcxpresso_1769.a(board.o) (Chip_UART_Init)
C:\Users\Luco\repoTest\lpc_chip_175x_6x\Debug\liblpc_chip_175x_6x.a(ring_buffer.o)
                              C:\Users\Luco\repoTest\lpc_chip_175x_6x\Debug\liblpc_chip_175x_6x.a(uart_17xx_40xx.o) (RingBuffer_Insert)
c:/nxp/mcuxpressoide_10.1.1_606/ide/tools/bin/../lib/gcc/arm-none-eabi/6.3.1/../../../../arm-none-eabi/lib/thumb/v7-m\libcr_nohost_nf.a(_cr__main.o)
                              ./src/cr_startup_lpc175x_6x.o (__main)
c:/nxp/mcuxpressoide_10.1.1_606/ide/tools/bin/../lib/gcc/arm-none-eabi/6.3.1/../../../../arm-none-eabi/lib/thumb/v7-m\libcr_c.a(memcpy.o)
                              C:\Users\Luco\repoTest\lpc_board_nxp_lpcxpresso_1769\Debug\liblpc_board_nxp_lpcxpresso_1769.a(board.o) (memcpy)
c:/nxp/mcuxpressoide_10.1.1_606/ide/tools/bin/../lib/gcc/arm-none-eabi/6.3.1/../../../../arm-none-eabi/lib/thumb/v7-m\libcr_c.a(initio.o)
                              c:/nxp/mcuxpressoide_10.1.1_606/ide/tools/bin/../lib/gcc/arm-none-eabi/6.3.1/../../../../arm-none-eabi/lib/thumb/v7-m\libcr_nohost_nf.a(_cr__main.o) (_initio)
c:/nxp/mcuxpressoide_10.1.1_606/ide/tools/bin/../lib/gcc/arm-none-eabi/6.3.1/../../../../arm-none-eabi/lib/thumb/v7-m\libcr_c.a(setvbuf.o)
                              c:/nxp/mcuxpressoide_10.1.1_606/ide/tools/bin/../lib/gcc/arm-none-eabi/6.3.1/../../../../arm-none-eabi/lib/thumb/v7-m\libcr_c.a(initio.o) (setvbuf)
c:/nxp/mcuxpressoide_10.1.1_606/ide/tools/bin/../lib/gcc/arm-none-eabi/6.3.1/../../../../arm-none-eabi/lib/thumb/v7-m\libcr_c.a(_fdopen.o)
                              c:/nxp/mcuxpressoide_10.1.1_606/ide/tools/bin/../lib/gcc/arm-none-eabi/6.3.1/../../../../arm-none-eabi/lib/thumb/v7-m\libcr_c.a(initio.o) (_fdopen)
c:/nxp/mcuxpressoide_10.1.1_606/ide/tools/bin/../lib/gcc/arm-none-eabi/6.3.1/../../../../arm-none-eabi/lib/thumb/v7-m\libcr_c.a(fclose.o)
                              c:/nxp/mcuxpressoide_10.1.1_606/ide/tools/bin/../lib/gcc/arm-none-eabi/6.3.1/../../../../arm-none-eabi/lib/thumb/v7-m\libcr_c.a(initio.o) (fclose)
c:/nxp/mcuxpressoide_10.1.1_606/ide/tools/bin/../lib/gcc/arm-none-eabi/6.3.1/../../../../arm-none-eabi/lib/thumb/v7-m\libcr_c.a(fflush.o)
                              c:/nxp/mcuxpressoide_10.1.1_606/ide/tools/bin/../lib/gcc/arm-none-eabi/6.3.1/../../../../arm-none-eabi/lib/thumb/v7-m\libcr_c.a(fclose.o) (fflush)
c:/nxp/mcuxpressoide_10.1.1_606/ide/tools/bin/../lib/gcc/arm-none-eabi/6.3.1/../../../../arm-none-eabi/lib/thumb/v7-m\libcr_c.a(fseek.o)
                              c:/nxp/mcuxpressoide_10.1.1_606/ide/tools/bin/../lib/gcc/arm-none-eabi/6.3.1/../../../../arm-none-eabi/lib/thumb/v7-m\libcr_c.a(_fdopen.o) (fseek)
c:/nxp/mcuxpressoide_10.1.1_606/ide/tools/bin/../lib/gcc/arm-none-eabi/6.3.1/../../../../arm-none-eabi/lib/thumb/v7-m\libcr_c.a(ftell.o)
                              c:/nxp/mcuxpressoide_10.1.1_606/ide/tools/bin/../lib/gcc/arm-none-eabi/6.3.1/../../../../arm-none-eabi/lib/thumb/v7-m\libcr_c.a(fseek.o) (ftell)
c:/nxp/mcuxpressoide_10.1.1_606/ide/tools/bin/../lib/gcc/arm-none-eabi/6.3.1/../../../../arm-none-eabi/lib/thumb/v7-m\libcr_c.a(remove.o)
[...]
Memory Configuration

Name             Origin             Length             Attributes
MFlash512        0x00000000         0x00080000         xr
RamLoc32         0x10000000         0x00008000         xrw
RamAHB32         0x2007c000         0x00008000         xrw
*default*        0x00000000         0xffffffff

Linker script and memory map

LOAD ./src/DemoLibLucasBoard.o
LOAD ./src/cr_startup_lpc175x_6x.o
LOAD ./src/crp.o
LOAD ./src/sysinit.o
LOAD C:\Users\Luco\repoTest\lib_lucas_board\Debug\liblib_lucas_board.a
LOAD C:\Users\Luco\repoTest\lpc_board_nxp_lpcxpresso_1769\Debug\liblpc_board_nxp_lpcxpresso_1769.a
LOAD C:\Users\Luco\repoTest\lpc_chip_175x_6x\Debug\liblpc_chip_175x_6x.a
START GROUP
LOAD c:/nxp/mcuxpressoide_10.1.1_606/ide/tools/bin/../lib/gcc/arm-none-eabi/6.3.1/../../../../arm-none-eabi/lib/thumb/v7-m\libcr_nohost_nf.a
LOAD c:/nxp/mcuxpressoide_10.1.1_606/ide/tools/bin/../lib/gcc/arm-none-eabi/6.3.1/../../../../arm-none-eabi/lib/thumb/v7-m\libcr_c.a
LOAD c:/nxp/mcuxpressoide_10.1.1_606/ide/tools/bin/../lib/gcc/arm-none-eabi/6.3.1/thumb/v7-m\libcr_eabihelpers.a
END GROUP
                0x00000000                __base_MFlash512 = 0x0
                0x00000000                __base_Flash = 0x0
                0x00080000                __top_MFlash512 = 0x80000
                0x00080000                __top_Flash = 0x80000
                0x10000000                __base_RamLoc32 = 0x10000000
                0x10000000                __base_RAM = 0x10000000
                0x10008000                __top_RamLoc32 = 0x10008000
                0x10008000                __top_RAM = 0x10008000
                0x2007c000                __base_RamAHB32 = 0x2007c000
                0x2007c000                __base_RAM2 = 0x2007c000
                0x20084000                __top_RamAHB32 = 0x20084000
                0x20084000                __top_RAM2 = 0x20084000

.text           0x00000000     0x16b4
 FILL mask 0xff
                0x00000000                __vectors_start__ = ABSOLUTE (.)
 *(.isr_vector)
 .isr_vector    0x00000000       0xcc ./src/cr_startup_lpc175x_6x.o
                0x00000000                g_pfnVectors
                0x000000cc                . = ALIGN (0x4)
                0x000000cc                __section_table_start = .
                0x000000cc                __data_section_table = .
                0x000000cc        0x4 LONG 0x16b4 LOADADDR (.data)
                0x000000d0        0x4 LONG 0x10000000 ADDR (.data)
                0x000000d4        0x4 LONG 0x0 SIZEOF (.data)
                0x000000d8        0x4 LONG 0x16b4 LOADADDR (.data_RAM2)
                0x000000dc        0x4 LONG 0x2007c000 ADDR (.data_RAM2)
                0x000000e0        0x4 LONG 0x0 SIZEOF (.data_RAM2)
                0x000000e4                __data_section_table_end = .
                0x000000e4                __bss_section_table = .
                0x000000e4        0x4 LONG 0x10000000 ADDR (.bss)
                0x000000e8        0x4 LONG 0xc0 SIZEOF (.bss)
                0x000000ec        0x4 LONG 0x2007c000 ADDR (.bss_RAM2)
                0x000000f0        0x4 LONG 0x0 SIZEOF (.bss_RAM2)
                0x000000f4                __bss_section_table_end = .
                0x000000f4                __section_table_end = .
 *(.after_vectors*)
 .after_vectors
                0x000000f4      0x12c ./src/cr_startup_lpc175x_6x.o
                0x000000f4                data_init
                0x00000136                bss_init
                0x0000016c                ResetISR
                0x000001e4                NMI_Handler
                0x000001ea                HardFault_Handler
                0x000001f0                MemManage_Handler
                0x000001f6                BusFault_Handler
                0x000001fc                UsageFault_Handler
                0x00000202                SVC_Handler
                0x00000208                DebugMon_Handler
                0x0000020e                PendSV_Handler
                0x00000214                SysTick_Handler
                0x0000021a                EINT3_IRQHandler
                0x0000021a                CANActivity_IRQHandler
                0x0000021a                TIMER3_IRQHandler
                0x0000021a                UART0_IRQHandler
                0x0000021a                UART1_IRQHandler
                0x0000021a                EINT2_IRQHandler
                0x0000021a                USBActivity_IRQHandler
                0x0000021a                IntDefaultHandler
                0x0000021a                PLL0_IRQHandler
                0x0000021a                CAN_IRQHandler
                0x0000021a                I2C1_IRQHandler
                0x0000021a                SSP0_IRQHandler
                0x0000021a                I2S_IRQHandler
                0x0000021a                I2C2_IRQHandler
                0x0000021a                RTC_IRQHandler
                0x0000021a                TIMER0_IRQHandler
                0x0000021a                SPI_IRQHandler
                0x0000021a                RIT_IRQHandler
                0x0000021a                EINT1_IRQHandler
                0x0000021a                TIMER1_IRQHandler
                0x0000021a                UART2_IRQHandler
                0x0000021a                ADC_IRQHandler
                0x0000021a                SSP1_IRQHandler
                0x0000021a                USB_IRQHandler
                0x0000021a                BOD_IRQHandler
                0x0000021a                I2C0_IRQHandler
                0x0000021a                WDT_IRQHandler
                0x0000021a                PWM1_IRQHandler
                0x0000021a                QEI_IRQHandler
                0x0000021a                EINT0_IRQHandler
                0x0000021a                ETH_IRQHandler
                0x0000021a                PLL1_IRQHandler
                0x0000021a                DMA_IRQHandler
                0x0000021a                TIMER2_IRQHandler
                0x0000021a                UART3_IRQHandler
                0x0000021a                MCPWM_IRQHandler
                0x000002fc                . = 0x2fc
 *fill*         0x00000220       0xdc ff
                0x000002fc                PROVIDE (__CRP_WORD_START__, .)
 *(.crp)
 .crp           0x000002fc        0x4 ./src/crp.o
                0x000002fc                CRP_WORD
                0x00000300                PROVIDE (__CRP_WORD_END__, .)
                0x00000001                ASSERT (! ((__CRP_WORD_START__ == __CRP_WORD_END__)), Linker CRP Enabled, but no CRP_WORD provided within application)
 *(.text*)
 .text.main     0x00000300       0x30 ./src/DemoLibLucasBoard.o
                0x00000300                main
 .text.SystemInit
                0x00000330       0x24 ./src/sysinit.o
                0x00000330                SystemInit
 .text.Chip_GPIO_SetPinDIROutput
                0x00000354       0x38 C:\Users\Luco\repoTest\lib_lucas_board\Debug\liblib_lucas_board.a(LED.o)
 .text.Chip_GPIO_SetPinDIRInput
                0x0000038c       0x3c C:\Users\Luco\repoTest\lib_lucas_board\Debug\liblib_lucas_board.a(LED.o)
 .text.Chip_GPIO_SetPinDIR
                0x000003c8       0x44 C:\Users\Luco\repoTest\lib_lucas_board\Debug\liblib_lucas_board.a(LED.o)
 .text.Chip_GPIO_SetDir
                0x0000040c       0x34 C:\Users\Luco\repoTest\lib_lucas_board\Debug\liblib_lucas_board.a(LED.o)
 .text.Chip_GPIO_SetPinOutHigh
                0x00000440       0x2c C:\Users\Luco\repoTest\lib_lucas_board\Debug\liblib_lucas_board.a(LED.o)
 .text.Chip_GPIO_SetPinOutLow
                0x0000046c       0x2c C:\Users\Luco\repoTest\lib_lucas_board\Debug\liblib_lucas_board.a(LED.o)
 .text.LED_Init
                0x00000498       0x18 C:\Users\Luco\repoTest\lib_lucas_board\Debug\liblib_lucas_board.a(LED.o)
                0x00000498                LED_Init
 .text.LED_On   0x000004b0       0x18 C:\Users\Luco\repoTest\lib_lucas_board\Debug\liblib_lucas_board.a(LED.o)
                0x000004b0                LED_On
 .text.LED_Off  0x000004c8       0x18 C:\Users\Luco\repoTest\lib_lucas_board\Debug\liblib_lucas_board.a(LED.o)
                0x000004c8                LED_Off
 .text.Chip_IOCON_Init
                0x000004e0       0x16 C:\Users\Luco\repoTest\lpc_board_nxp_lpcxpresso_1769\Debug\liblpc_board_nxp_lpcxpresso_1769.a(board.o)
 .text.Chip_GPIO_Init
                0x000004f6       0x16 C:\Users\Luco\repoTest\lpc_board_nxp_lpcxpresso_1769\Debug\liblpc_board_nxp_lpcxpresso_1769.a(board.o)
 .text.Chip_GPIO_SetPinState
                0x0000050c       0x68 C:\Users\Luco\repoTest\lpc_board_nxp_lpcxpresso_1769\Debug\liblpc_board_nxp_lpcxpresso_1769.a(board.o)
 .text.Chip_GPIO_WritePortBit
                0x00000574       0x2c C:\Users\Luco\repoTest\lpc_board_nxp_lpcxpresso_1769\Debug\liblpc_board_nxp_lpcxpresso_1769.a(board.o)
 .text.Chip_GPIO_SetPinDIROutput
                0x000005a0       0x38 C:\Users\Luco\repoTest\lpc_board_nxp_lpcxpresso_1769\Debug\liblpc_board_nxp_lpcxpresso_1769.a(board.o)
 .text.Chip_GPIO_SetPinDIRInput
                0x000005d8       0x3a C:\Users\Luco\repoTest\lpc_board_nxp_lpcxpresso_1769\Debug\liblpc_board_nxp_lpcxpresso_1769.a(board.o)
 .text.Chip_GPIO_SetPinDIR
                0x00000612       0x42 C:\Users\Luco\repoTest\lpc_board_nxp_lpcxpresso_1769\Debug\liblpc_board_nxp_lpcxpresso_1769.a(board.o)
 .text.Chip_GPIO_WriteDirBit
                0x00000654       0x2e C:\Users\Luco\repoTest\lpc_board_nxp_lpcxpresso_1769\Debug\liblpc_board_nxp_lpcxpresso_1769.a(board.o)
 .text.Chip_UART_SendByte
                0x00000682       0x1c C:\Users\Luco\repoTest\lpc_board_nxp_lpcxpresso_1769\Debug\liblpc_board_nxp_lpcxpresso_1769.a(board.o)
 .text.Chip_UART_ConfigData
                0x0000069e       0x1a C:\Users\Luco\repoTest\lpc_board_nxp_lpcxpresso_1769\Debug\liblpc_board_nxp_lpcxpresso_1769.a(board.o)
 .text.Chip_UART_ReadLineStatus
                0x000006b8       0x16 C:\Users\Luco\repoTest\lpc_board_nxp_lpcxpresso_1769\Debug\liblpc_board_nxp_lpcxpresso_1769.a(board.o)
 .text.__sys_write
                0x000006ce       0x38 C:\Users\Luco\repoTest\lpc_board_nxp_lpcxpresso_1769\Debug\liblpc_board_nxp_lpcxpresso_1769.a(board.o)
                0x000006ce                __sys_write
 *fill*         0x00000706        0x2 ff
 .text.Board_LED_Init
                0x00000708       0x18 C:\Users\Luco\repoTest\lpc_board_nxp_lpcxpresso_1769\Debug\liblpc_board_nxp_lpcxpresso_1769.a(board.o)
 .text.Board_UART_Init
                0x00000720       0x12 C:\Users\Luco\repoTest\lpc_board_nxp_lpcxpresso_1769\Debug\liblpc_board_nxp_lpcxpresso_1769.a(board.o)
                0x00000720                Board_UART_Init
 *fill*         0x00000732        0x2 ff
 .text.Board_Debug_Init
                0x00000734       0x30 C:\Users\Luco\repoTest\lpc_board_nxp_lpcxpresso_1769\Debug\liblpc_board_nxp_lpcxpresso_1769.a(board.o)
                0x00000734                Board_Debug_Init
 .text.Board_UARTPutChar
                0x00000764       0x34 C:\Users\Luco\repoTest\lpc_board_nxp_lpcxpresso_1769\Debug\liblpc_board_nxp_lpcxpresso_1769.a(board.o)
                0x00000764                Board_UARTPutChar
 .text.Board_LED_Set
                0x00000798       0x30 C:\Users\Luco\repoTest\lpc_board_nxp_lpcxpresso_1769\Debug\liblpc_board_nxp_lpcxpresso_1769.a(board.o)
                0x00000798                Board_LED_Set
 .text.Board_Init
                0x000007c8       0x24 C:\Users\Luco\repoTest\lpc_board_nxp_lpcxpresso_1769\Debug\liblpc_board_nxp_lpcxpresso_1769.a(board.o)
                0x000007c8                Board_Init
 .text.Chip_SYSCTL_SetFLASHAccess
                0x000007ec       0x30 C:\Users\Luco\repoTest\lpc_board_nxp_lpcxpresso_1769\Debug\liblpc_board_nxp_lpcxpresso_1769.a(board_sysinit.o)
 .text.Board_SetupMuxing
                0x0000081c       0x1c C:\Users\Luco\repoTest\lpc_board_nxp_lpcxpresso_1769\Debug\liblpc_board_nxp_lpcxpresso_1769.a(board_sysinit.o)
                0x0000081c                Board_SetupMuxing
 .text.Board_SetupClocking
                0x00000838       0x12 C:\Users\Luco\repoTest\lpc_board_nxp_lpcxpresso_1769\Debug\liblpc_board_nxp_lpcxpresso_1769.a(board_sysinit.o)
                0x00000838                Board_SetupClocking
 .text.Board_SystemInit
                0x0000084a       0x10 C:\Users\Luco\repoTest\lpc_board_nxp_lpcxpresso_1769\Debug\liblpc_board_nxp_lpcxpresso_1769.a(board_sysinit.o)
                0x0000084a                Board_SystemInit
 *fill*         0x0000085a        0x2 ff
 .text.SystemCoreClockUpdate
                0x0000085c       0x18 C:\Users\Luco\repoTest\lpc_chip_175x_6x\Debug\liblpc_chip_175x_6x.a(chip_17xx_40xx.o)
                0x0000085c                SystemCoreClockUpdate
 .text.Chip_Clock_IsMainPLLEnabled
                0x00000874       0x24 C:\Users\Luco\repoTest\lpc_chip_175x_6x\Debug\liblpc_chip_175x_6x.a(clock_17xx_40xx.o)
 .text.Chip_Clock_IsMainPLLConnected
                0x00000898       0x24 C:\Users\Luco\repoTest\lpc_chip_175x_6x\Debug\liblpc_chip_175x_6x.a(clock_17xx_40xx.o)
 .text.Chip_Clock_FeedPLL
                0x000008bc       0x34 C:\Users\Luco\repoTest\lpc_chip_175x_6x\Debug\liblpc_chip_175x_6x.a(clock_17xx_40xx.o)
 .text.Chip_Clock_GetMainPLLSource
                0x000008f0       0x20 C:\Users\Luco\repoTest\lpc_chip_175x_6x\Debug\liblpc_chip_175x_6x.a(clock_17xx_40xx.o)
 .text.Chip_Clock_GetMainOscRate
                0x00000910       0x14 C:\Users\Luco\repoTest\lpc_chip_175x_6x\Debug\liblpc_chip_175x_6x.a(clock_17xx_40xx.o)
 .text.Chip_Clock_GetIntOscRate
                0x00000924       0x14 C:\Users\Luco\repoTest\lpc_chip_175x_6x\Debug\liblpc_chip_175x_6x.a(clock_17xx_40xx.o)
 .text.Chip_Clock_GetRTCOscRate
                0x00000938       0x14 C:\Users\Luco\repoTest\lpc_chip_175x_6x\Debug\liblpc_chip_175x_6x.a(clock_17xx_40xx.o)
 .text.Chip_Clock_GetMainPLLInClockRate
                0x0000094c        0xe C:\Users\Luco\repoTest\lpc_chip_175x_6x\Debug\liblpc_chip_175x_6x.a(clock_17xx_40xx.o)
 *fill*         0x0000095a        0x2 ff
 .text.Chip_Clock_EnablePLL
                0x0000095c       0x44 C:\Users\Luco\repoTest\lpc_chip_175x_6x\Debug\liblpc_chip_175x_6x.a(clock_17xx_40xx.o)
                0x0000095c                Chip_Clock_EnablePLL
 .text.Chip_Clock_DisablePLL
                0x000009a0       0x48 C:\Users\Luco\repoTest\lpc_chip_175x_6x\Debug\liblpc_chip_175x_6x.a(clock_17xx_40xx.o)
                0x000009a0                Chip_Clock_DisablePLL
 .text.Chip_Clock_SetupPLL
                0x000009e8       0x5c C:\Users\Luco\repoTest\lpc_chip_175x_6x\Debug\liblpc_chip_175x_6x.a(clock_17xx_40xx.o)
                0x000009e8                Chip_Clock_SetupPLL
 .text.Chip_Clock_EnablePeriphClock
                0x00000a44       0x34 C:\Users\Luco\repoTest\lpc_chip_175x_6x\Debug\liblpc_chip_175x_6x.a(clock_17xx_40xx.o)
                0x00000a44                Chip_Clock_EnablePeriphClock
 .text.Chip_Clock_GetCPUClockSource
                0x00000a78       0x24 C:\Users\Luco\repoTest\lpc_chip_175x_6x\Debug\liblpc_chip_175x_6x.a(clock_17xx_40xx.o)
                0x00000a78                Chip_Clock_GetCPUClockSource
 .text.Chip_Clock_SetCPUClockDiv
                0x00000a9c       0x20 C:\Users\Luco\repoTest\lpc_chip_175x_6x\Debug\liblpc_chip_175x_6x.a(clock_17xx_40xx.o)
                0x00000a9c                Chip_Clock_SetCPUClockDiv
 .text.Chip_Clock_GetCPUClockDiv
                0x00000abc       0x1c C:\Users\Luco\repoTest\lpc_chip_175x_6x\Debug\liblpc_chip_175x_6x.a(clock_17xx_40xx.o)
                0x00000abc                Chip_Clock_GetCPUClockDiv
 .text.Chip_Clock_GetPCLKDiv
                0x00000ad8       0x8c C:\Users\Luco\repoTest\lpc_chip_175x_6x\Debug\liblpc_chip_175x_6x.a(clock_17xx_40xx.o)
                0x00000ad8                Chip_Clock_GetPCLKDiv
 .text.Chip_Clock_GetSYSCLKRate
                0x00000b64       0x34 C:\Users\Luco\repoTest\lpc_chip_175x_6x\Debug\liblpc_chip_175x_6x.a(clock_17xx_40xx.o)
                0x00000b64                Chip_Clock_GetSYSCLKRate
 .text.Chip_Clock_GetMainPLLOutClockRate
                0x00000b98       0x54 C:\Users\Luco\repoTest\lpc_chip_175x_6x\Debug\liblpc_chip_175x_6x.a(clock_17xx_40xx.o)
                0x00000b98                Chip_Clock_GetMainPLLOutClockRate
 .text.Chip_Clock_GetMainClockRate
                0x00000bec       0x28 C:\Users\Luco\repoTest\lpc_chip_175x_6x\Debug\liblpc_chip_175x_6x.a(clock_17xx_40xx.o)
                0x00000bec                Chip_Clock_GetMainClockRate
 .text.Chip_Clock_GetSystemClockRate
                0x00000c14       0x18 C:\Users\Luco\repoTest\lpc_chip_175x_6x\Debug\liblpc_chip_175x_6x.a(clock_17xx_40xx.o)
                0x00000c14                Chip_Clock_GetSystemClockRate
 .text.Chip_Clock_GetPeripheralClockRate
                0x00000c2c       0x26 C:\Users\Luco\repoTest\lpc_chip_175x_6x\Debug\liblpc_chip_175x_6x.a(clock_17xx_40xx.o)
                0x00000c2c                Chip_Clock_GetPeripheralClockRate
 .text.Chip_IOCON_PinMuxSet
                0x00000c52       0x36 C:\Users\Luco\repoTest\lpc_chip_175x_6x\Debug\liblpc_chip_175x_6x.a(iocon_17xx_40xx.o)
                0x00000c52                Chip_IOCON_PinMuxSet
 .text.Chip_IOCON_PinMux
                0x00000c88       0x92 C:\Users\Luco\repoTest\lpc_chip_175x_6x\Debug\liblpc_chip_175x_6x.a(iocon_17xx_40xx.o)
                0x00000c88                Chip_IOCON_PinMux
 .text.Chip_IOCON_SetPinMuxing
                0x00000d1a       0x62 C:\Users\Luco\repoTest\lpc_chip_175x_6x\Debug\liblpc_chip_175x_6x.a(iocon_17xx_40xx.o)
                0x00000d1a                Chip_IOCON_SetPinMuxing
 .text.Chip_Clock_IsMainPLLEnabled
                0x00000d7c       0x24 C:\Users\Luco\repoTest\lpc_chip_175x_6x\Debug\liblpc_chip_175x_6x.a(sysinit_17xx_40xx.o)
 .text.Chip_Clock_IsMainPLLLocked
                0x00000da0       0x24 C:\Users\Luco\repoTest\lpc_chip_175x_6x\Debug\liblpc_chip_175x_6x.a(sysinit_17xx_40xx.o)
 .text.Chip_Clock_IsMainPLLConnected
                0x00000dc4       0x24 C:\Users\Luco\repoTest\lpc_chip_175x_6x\Debug\liblpc_chip_175x_6x.a(sysinit_17xx_40xx.o)
 .text.Chip_Clock_EnableCrystal
                0x00000de8       0x20 C:\Users\Luco\repoTest\lpc_chip_175x_6x\Debug\liblpc_chip_175x_6x.a(sysinit_17xx_40xx.o)
 .text.Chip_Clock_IsCrystalEnabled
                0x00000e08       0x24 C:\Users\Luco\repoTest\lpc_chip_175x_6x\Debug\liblpc_chip_175x_6x.a(sysinit_17xx_40xx.o)
 .text.Chip_Clock_SetMainPLLSource
                0x00000e2c       0x20 C:\Users\Luco\repoTest\lpc_chip_175x_6x\Debug\liblpc_chip_175x_6x.a(sysinit_17xx_40xx.o)
 .text.Chip_SetupXtalClocking
                0x00000e4c       0x90 C:\Users\Luco\repoTest\lpc_chip_175x_6x\Debug\liblpc_chip_175x_6x.a(sysinit_17xx_40xx.o)
                0x00000e4c                Chip_SetupXtalClocking
 .text.Chip_UART_SetupFIFOS
                0x00000edc       0x1a C:\Users\Luco\repoTest\lpc_chip_175x_6x\Debug\liblpc_chip_175x_6x.a(uart_17xx_40xx.o)
 .text.Chip_UART_ConfigData
                0x00000ef6       0x1a C:\Users\Luco\repoTest\lpc_chip_175x_6x\Debug\liblpc_chip_175x_6x.a(uart_17xx_40xx.o)
 .text.Chip_UART_EnableDivisorAccess
                0x00000f10       0x1e C:\Users\Luco\repoTest\lpc_chip_175x_6x\Debug\liblpc_chip_175x_6x.a(uart_17xx_40xx.o)
 .text.Chip_UART_DisableDivisorAccess
                0x00000f2e       0x1e C:\Users\Luco\repoTest\lpc_chip_175x_6x\Debug\liblpc_chip_175x_6x.a(uart_17xx_40xx.o)
 .text.Chip_UART_SetDivisorLatches
                0x00000f4c       0x26 C:\Users\Luco\repoTest\lpc_chip_175x_6x\Debug\liblpc_chip_175x_6x.a(uart_17xx_40xx.o)
 *fill*         0x00000f72        0x2 ff
 .text.Chip_UART_GetClockIndex
                0x00000f74       0x50 C:\Users\Luco\repoTest\lpc_chip_175x_6x\Debug\liblpc_chip_175x_6x.a(uart_17xx_40xx.o)
 .text.Chip_UART_GetClkIndex
                0x00000fc4       0x50 C:\Users\Luco\repoTest\lpc_chip_175x_6x\Debug\liblpc_chip_175x_6x.a(uart_17xx_40xx.o)
 .text.Chip_UART_Init
                0x00001014       0x78 C:\Users\Luco\repoTest\lpc_chip_175x_6x\Debug\liblpc_chip_175x_6x.a(uart_17xx_40xx.o)
                0x00001014                Chip_UART_Init
 .text.Chip_UART_TXEnable
                0x0000108c       0x18 C:\Users\Luco\repoTest\lpc_chip_175x_6x\Debug\liblpc_chip_175x_6x.a(uart_17xx_40xx.o)
                0x0000108c                Chip_UART_TXEnable
 .text.Chip_UART_TXDisable
                0x000010a4       0x18 C:\Users\Luco\repoTest\lpc_chip_175x_6x\Debug\liblpc_chip_175x_6x.a(uart_17xx_40xx.o)
                0x000010a4                Chip_UART_TXDisable
 .text.Chip_UART_SetBaud
                0x000010bc       0x62 C:\Users\Luco\repoTest\lpc_chip_175x_6x\Debug\liblpc_chip_175x_6x.a(uart_17xx_40xx.o)
                0x000010bc                Chip_UART_SetBaud
 .text.__main   0x0000111e        0xe c:/nxp/mcuxpressoide_10.1.1_606/ide/tools/bin/../lib/gcc/arm-none-eabi/6.3.1/../../../../arm-none-eabi/lib/thumb/v7-m\libcr_nohost_nf.a(_cr__main.o)
                0x0000111e                __main
 .text._initio  0x0000112c       0x78 c:/nxp/mcuxpressoide_10.1.1_606/ide/tools/bin/../lib/gcc/arm-none-eabi/6.3.1/../../../../arm-none-eabi/lib/thumb/v7-m\libcr_c.a(initio.o)
                0x0000112c                _initio
 .text.setvbuf  0x000011a4       0x40 c:/nxp/mcuxpressoide_10.1.1_606/ide/tools/bin/../lib/gcc/arm-none-eabi/6.3.1/../../../../arm-none-eabi/lib/thumb/v7-m\libcr_c.a(setvbuf.o)
                0x000011a4                setvbuf
 .text._fdopen  0x000011e4       0x68 c:/nxp/mcuxpressoide_10.1.1_606/ide/tools/bin/../lib/gcc/arm-none-eabi/6.3.1/../../../../arm-none-eabi/lib/thumb/v7-m\libcr_c.a(_fdopen.o)
                0x000011e4                _fdopen
 .text.fclose   0x0000124c       0x58 c:/nxp/mcuxpressoide_10.1.1_606/ide/tools/bin/../lib/gcc/arm-none-eabi/6.3.1/../../../../arm-none-eabi/lib/thumb/v7-m\libcr_c.a(fclose.o)
                0x0000124c                fclose
 .text.fflush   0x000012a4       0x44 c:/nxp/mcuxpressoide_10.1.1_606/ide/tools/bin/../lib/gcc/arm-none-eabi/6.3.1/../../../../arm-none-eabi/lib/thumb/v7-m\libcr_c.a(fflush.o)
                0x000012a4                fflush
 .text.fseek    0x000012e8      0x100 c:/nxp/mcuxpressoide_10.1.1_606/ide/tools/bin/../lib/gcc/arm-none-eabi/6.3.1/../../../../arm-none-eabi/lib/thumb/v7-m\libcr_c.a(fseek.o)
                0x000012e8                fseek
 .text.ftell    0x000013e8       0x48 c:/nxp/mcuxpressoide_10.1.1_606/ide/tools/bin/../lib/gcc/arm-none-eabi/6.3.1/../../../../arm-none-eabi/lib/thumb/v7-m\libcr_c.a(ftell.o)
                0x000013e8                ftell
 .text.remove   0x00001430       0x14 c:/nxp/mcuxpressoide_10.1.1_606/ide/tools/bin/../lib/gcc/arm-none-eabi/6.3.1/../../../../arm-none-eabi/lib/thumb/v7-m\libcr_c.a(remove.o)
                0x00001430                remove
 .text.strlen   0x00001444       0x4a c:/nxp/mcuxpressoide_10.1.1_606/ide/tools/bin/../lib/gcc/arm-none-eabi/6.3.1/../../../../arm-none-eabi/lib/thumb/v7-m\libcr_c.a(strlen.o)
                0x00001444                strlen
 .text.memset   0x0000148e        0x4 c:/nxp/mcuxpressoide_10.1.1_606/ide/tools/bin/../lib/gcc/arm-none-eabi/6.3.1/../../../../arm-none-eabi/lib/thumb/v7-m\libcr_c.a(memset.o)
                0x0000148e                memset
 .text._do_fflush
                0x00001492       0x40 c:/nxp/mcuxpressoide_10.1.1_606/ide/tools/bin/../lib/gcc/arm-none-eabi/6.3.1/../../../../arm-none-eabi/lib/thumb/v7-m\libcr_c.a(_do_fflush.o)
                0x00001492                _do_fflush
 .text._fflush  0x000014d2       0x54 c:/nxp/mcuxpressoide_10.1.1_606/ide/tools/bin/../lib/gcc/arm-none-eabi/6.3.1/../../../../arm-none-eabi/lib/thumb/v7-m\libcr_c.a(_fflush.o)
                0x000014d2                _fflush
 *fill*         0x00001526        0x2 ff
 .text._Cwritebuf
                0x00001528       0x6c c:/nxp/mcuxpressoide_10.1.1_606/ide/tools/bin/../lib/gcc/arm-none-eabi/6.3.1/../../../../arm-none-eabi/lib/thumb/v7-m\libcr_c.a(_writebuf.o)
                0x00001528                _Cwritebuf
 .text.free     0x00001594       0x30 c:/nxp/mcuxpressoide_10.1.1_606/ide/tools/bin/../lib/gcc/arm-none-eabi/6.3.1/../../../../arm-none-eabi/lib/thumb/v7-m\libcr_c.a(alloc.o)
                0x00001594                free
 .text._deferredlazyseek
                0x000015c4       0x40 c:/nxp/mcuxpressoide_10.1.1_606/ide/tools/bin/../lib/gcc/arm-none-eabi/6.3.1/../../../../arm-none-eabi/lib/thumb/v7-m\libcr_c.a(_deferredlazyseek.o)
                0x000015c4                _deferredlazyseek
 .text.__aeabi_memset_lowlevel
                0x00001604       0x32 c:/nxp/mcuxpressoide_10.1.1_606/ide/tools/bin/../lib/gcc/arm-none-eabi/6.3.1/thumb/v7-m\libcr_eabihelpers.a(memcpy.o)
                0x00001604                __aeabi_lowlevel_memset
 .text.__sys_close
                0x00001636        0x6 c:/nxp/mcuxpressoide_10.1.1_606/ide/tools/bin/../lib/gcc/arm-none-eabi/6.3.1/../../../../arm-none-eabi/lib/thumb/v7-m\libcr_nohost_nf.a(__sys_close.o)
                0x00001636                __sys_close
 .text.__sys_flen
                0x0000163c        0x6 c:/nxp/mcuxpressoide_10.1.1_606/ide/tools/bin/../lib/gcc/arm-none-eabi/6.3.1/../../../../arm-none-eabi/lib/thumb/v7-m\libcr_nohost_nf.a(__sys_flen.o)
                0x0000163c                __sys_flen
 .text.__sys_istty
                0x00001642        0x6 c:/nxp/mcuxpressoide_10.1.1_606/ide/tools/bin/../lib/gcc/arm-none-eabi/6.3.1/../../../../arm-none-eabi/lib/thumb/v7-m\libcr_nohost_nf.a(__sys_istty.o)
                0x00001642                __sys_istty
 .text.__sys_remove
                0x00001648        0x6 c:/nxp/mcuxpressoide_10.1.1_606/ide/tools/bin/../lib/gcc/arm-none-eabi/6.3.1/../../../../arm-none-eabi/lib/thumb/v7-m\libcr_nohost_nf.a(__sys_remove.o)
                0x00001648                __sys_remove
 .text.__sys_seek
                0x0000164e        0x6 c:/nxp/mcuxpressoide_10.1.1_606/ide/tools/bin/../lib/gcc/arm-none-eabi/6.3.1/../../../../arm-none-eabi/lib/thumb/v7-m\libcr_nohost_nf.a(__sys_seek.o)
                0x0000164e                __sys_seek
 .text.__sys_tmpnam
                0x00001654        0x6 c:/nxp/mcuxpressoide_10.1.1_606/ide/tools/bin/../lib/gcc/arm-none-eabi/6.3.1/../../../../arm-none-eabi/lib/thumb/v7-m\libcr_nohost_nf.a(__sys_tmpnam.o)
                0x00001654                __sys_tmpnam
 *(.rodata .rodata.* .constdata .constdata.*)
 *fill*         0x0000165a        0x2 ff
 .rodata.OscRateIn
                0x0000165c        0x4 C:\Users\Luco\repoTest\lpc_board_nxp_lpcxpresso_1769\Debug\liblpc_board_nxp_lpcxpresso_1769.a(board.o)
                0x0000165c                OscRateIn
 .rodata.RTCOscRateIn
                0x00001660        0x4 C:\Users\Luco\repoTest\lpc_board_nxp_lpcxpresso_1769\Debug\liblpc_board_nxp_lpcxpresso_1769.a(board.o)
                0x00001660                RTCOscRateIn
 .rodata.pinmuxing
                0x00001664       0x48 C:\Users\Luco\repoTest\lpc_board_nxp_lpcxpresso_1769\Debug\liblpc_board_nxp_lpcxpresso_1769.a(board_sysinit.o)
 .rodata._initio.str1.1
                0x000016ac        0x4 c:/nxp/mcuxpressoide_10.1.1_606/ide/tools/bin/../lib/gcc/arm-none-eabi/6.3.1/../../../../arm-none-eabi/lib/thumb/v7-m\libcr_c.a(initio.o)
 .rodata.__num_Ciob_streams
                0x000016b0        0x4 c:/nxp/mcuxpressoide_10.1.1_606/ide/tools/bin/../lib/gcc/arm-none-eabi/6.3.1/../../../../arm-none-eabi/lib/thumb/v7-m\libcr_nohost_nf.a(__ciob.o)
                0x000016b0                __num_Ciob_streams
                0x000016b4                . = ALIGN (0x4)

.glue_7         0x000016b4        0x0
 .glue_7        0x000016b4        0x0 linker stubs

.glue_7t        0x000016b4        0x0
 .glue_7t       0x000016b4        0x0 linker stubs

.vfp11_veneer   0x000016b4        0x0
 .vfp11_veneer  0x000016b4        0x0 linker stubs

.v4_bx          0x000016b4        0x0
 .v4_bx         0x000016b4        0x0 linker stubs

.iplt           0x000016b4        0x0
 .iplt          0x000016b4        0x0 ./src/DemoLibLucasBoard.o

.rel.dyn        0x000016b4        0x0
 .rel.iplt      0x000016b4        0x0 ./src/DemoLibLucasBoard.o

.ARM.extab
 *(.ARM.extab* .gnu.linkonce.armextab.*)
                0x000016b4                __exidx_start = .

.ARM.exidx
 *(.ARM.exidx* .gnu.linkonce.armexidx.*)
                0x000016b4                __exidx_end = .
                0x000016b4                _etext = .

.data_RAM2      0x2007c000        0x0 load address 0x000016b4
 FILL mask 0xff
                [!provide]                PROVIDE (__start_data_RAM2, .)
 *(.ramfunc.$RAM2)
 *(.ramfunc.$RamAHB32)
 *(.data.$RAM2*)
 *(.data.$RamAHB32*)
                0x2007c000                . = ALIGN (0x4)
                [!provide]                PROVIDE (__end_data_RAM2, .)

.uninit_RESERVED
                0x10000000        0x0
 *(.bss.$RESERVED*)
                0x10000000                . = ALIGN (0x4)
                0x10000000                _end_uninit_RESERVED = .

.data           0x10000000        0x0 load address 0x000016b4
 FILL mask 0xff
                0x10000000                _data = .
 *(vtable)
 *(.ramfunc*)
 *(.data*)
                0x10000000                . = ALIGN (0x4)
                0x10000000                _edata = .

.igot.plt       0x10000000        0x0 load address 0x000016b4
 .igot.plt      0x10000000        0x0 ./src/DemoLibLucasBoard.o

.bss_RAM2       0x2007c000        0x0
                [!provide]                PROVIDE (__start_bss_RAM2, .)
 *(.bss.$RAM2*)
 *(.bss.$RamAHB32*)
                0x2007c000                . = ALIGN ((. != 0x0)?0x4:0x1)
                [!provide]                PROVIDE (__end_bss_RAM2, .)

.bss            0x10000000       0xc0
                0x10000000                _bss = .
 *(.bss*)
 .bss.i.7279    0x10000000        0x4 ./src/DemoLibLucasBoard.o
 .bss.errno     0x10000004        0x4 c:/nxp/mcuxpressoide_10.1.1_606/ide/tools/bin/../lib/gcc/arm-none-eabi/6.3.1/../../../../arm-none-eabi/lib/thumb/v7-m\libcr_c.a(errno.o)
                0x10000004                errno
 .bss.__Ciob    0x10000008       0xb4 c:/nxp/mcuxpressoide_10.1.1_606/ide/tools/bin/../lib/gcc/arm-none-eabi/6.3.1/../../../../arm-none-eabi/lib/thumb/v7-m\libcr_nohost_nf.a(__ciob.o)
                0x10000008                __Ciob
 *(COMMON)
 COMMON         0x100000bc        0x4 C:\Users\Luco\repoTest\lpc_chip_175x_6x\Debug\liblpc_chip_175x_6x.a(chip_17xx_40xx.o)
                0x100000bc                SystemCoreClock
                0x100000c0                . = ALIGN (0x4)
                0x100000c0                _ebss = .
                [!provide]                PROVIDE (end, .)

.noinit_RAM2    0x2007c000        0x0
 *(.noinit.$RAM2*)
 *(.noinit.$RamAHB32*)
                0x2007c000                . = ALIGN (0x4)

.noinit         0x100000c0        0x0
                0x100000c0                _noinit = .
 *(.noinit*)
                0x100000c0                . = ALIGN (0x4)
                0x100000c0                _end_noinit = .
                0x100000c0                PROVIDE (_pvHeapStart, DEFINED (__user_heap_base)?__user_heap_base:.)
                0x10008000                PROVIDE (_vStackTop, DEFINED (__user_stack_top)?__user_stack_top:(__top_RamLoc32 - 0x0))
                0xefff74de                PROVIDE (__valid_user_code_checksum, (0x0 - ((((((_vStackTop + (ResetISR + 0x1)) + (NMI_Handler + 0x1)) + (HardFault_Handler + 0x1)) + (DEFINED (MemManage_Handler)?MemManage_Handler:0x0 + 0x1)) + (DEFINED (BusFault_Handler)?BusFault_Handler:0x0 + 0x1)) + (DEFINED (UsageFault_Handler)?UsageFault_Handler:0x0 + 0x1))))
                0x00000000                _image_start = LOADADDR (.text)
                0x000016b4                _image_end = (LOADADDR (.data) + SIZEOF (.data))
                0x000016b4                _image_size = (_image_end - _image_start)
OUTPUT(DemoLibLucasBoard.axf elf32-littlearm)

.debug_info     0x00000000     0x47d8
 .debug_info    0x00000000      0x230 ./src/DemoLibLucasBoard.o
 .debug_info    0x00000230      0x25c ./src/cr_startup_lpc175x_6x.o
 .debug_info    0x0000048c       0x3f ./src/crp.o
 .debug_info    0x000004cb      0x239 ./src/sysinit.o
 .debug_info    0x00000704      0x3ff C:\Users\Luco\repoTest\lib_lucas_board\Debug\liblib_lucas_board.a(LED.o)
 .debug_info    0x00000b03      0xfb3 C:\Users\Luco\repoTest\lpc_board_nxp_lpcxpresso_1769\Debug\liblpc_board_nxp_lpcxpresso_1769.a(board.o)
 .debug_info    0x00001ab6      0x6c5 C:\Users\Luco\repoTest\lpc_board_nxp_lpcxpresso_1769\Debug\liblpc_board_nxp_lpcxpresso_1769.a(board_sysinit.o)
 .debug_info    0x0000217b      0x471 C:\Users\Luco\repoTest\lpc_chip_175x_6x\Debug\liblpc_chip_175x_6x.a(chip_17xx_40xx.o)
 .debug_info    0x000025ec      0xba2 C:\Users\Luco\repoTest\lpc_chip_175x_6x\Debug\liblpc_chip_175x_6x.a(clock_17xx_40xx.o)
 .debug_info    0x0000318e      0x325 C:\Users\Luco\repoTest\lpc_chip_175x_6x\Debug\liblpc_chip_175x_6x.a(iocon_17xx_40xx.o)
 .debug_info    0x000034b3      0x479 C:\Users\Luco\repoTest\lpc_chip_175x_6x\Debug\liblpc_chip_175x_6x.a(sysinit_17xx_40xx.o)
 .debug_info    0x0000392c      0xeac C:\Users\Luco\repoTest\lpc_chip_175x_6x\Debug\liblpc_chip_175x_6x.a(uart_17xx_40xx.o)

.debug_abbrev   0x00000000     0x1396
 .debug_abbrev  0x00000000       0xd8 ./src/DemoLibLucasBoard.o
 .debug_abbrev  0x000000d8      0x114 ./src/cr_startup_lpc175x_6x.o
 .debug_abbrev  0x000001ec       0x36 ./src/crp.o
 .debug_abbrev  0x00000222       0xdd ./src/sysinit.o
 .debug_abbrev  0x000002ff      0x186 C:\Users\Luco\repoTest\lib_lucas_board\Debug\liblib_lucas_board.a(LED.o)
 .debug_abbrev  0x00000485      0x376 C:\Users\Luco\repoTest\lpc_board_nxp_lpcxpresso_1769\Debug\liblpc_board_nxp_lpcxpresso_1769.a(board.o)
 .debug_abbrev  0x000007fb      0x17e C:\Users\Luco\repoTest\lpc_board_nxp_lpcxpresso_1769\Debug\liblpc_board_nxp_lpcxpresso_1769.a(board_sysinit.o)
 .debug_abbrev  0x00000979      0x13c C:\Users\Luco\repoTest\lpc_chip_175x_6x\Debug\liblpc_chip_175x_6x.a(chip_17xx_40xx.o)
 .debug_abbrev  0x00000ab5      0x301 C:\Users\Luco\repoTest\lpc_chip_175x_6x\Debug\liblpc_chip_175x_6x.a(clock_17xx_40xx.o)
 .debug_abbrev  0x00000db6      0x14a C:\Users\Luco\repoTest\lpc_chip_175x_6x\Debug\liblpc_chip_175x_6x.a(iocon_17xx_40xx.o)
 .debug_abbrev  0x00000f00      0x18a C:\Users\Luco\repoTest\lpc_chip_175x_6x\Debug\liblpc_chip_175x_6x.a(sysinit_17xx_40xx.o)
 .debug_abbrev  0x0000108a      0x30c C:\Users\Luco\repoTest\lpc_chip_175x_6x\Debug\liblpc_chip_175x_6x.a(uart_17xx_40xx.o)

.debug_aranges  0x00000000      0x5e0
 .debug_aranges
                0x00000000       0x20 ./src/DemoLibLucasBoard.o
 .debug_aranges
                0x00000020       0x80 ./src/cr_startup_lpc175x_6x.o
 .debug_aranges
                0x000000a0       0x18 ./src/crp.o
 .debug_aranges
                0x000000b8       0x20 ./src/sysinit.o
 .debug_aranges
                0x000000d8       0x68 C:\Users\Luco\repoTest\lib_lucas_board\Debug\liblib_lucas_board.a(LED.o)
 .debug_aranges
                0x00000140      0x158 C:\Users\Luco\repoTest\lpc_board_nxp_lpcxpresso_1769\Debug\liblpc_board_nxp_lpcxpresso_1769.a(board.o)
 .debug_aranges
                0x00000298       0x38 C:\Users\Luco\repoTest\lpc_board_nxp_lpcxpresso_1769\Debug\liblpc_board_nxp_lpcxpresso_1769.a(board_sysinit.o)
 .debug_aranges
                0x000002d0       0x38 C:\Users\Luco\repoTest\lpc_chip_175x_6x\Debug\liblpc_chip_175x_6x.a(chip_17xx_40xx.o)
 .debug_aranges
                0x00000308      0x120 C:\Users\Luco\repoTest\lpc_chip_175x_6x\Debug\liblpc_chip_175x_6x.a(clock_17xx_40xx.o)
 .debug_aranges
                0x00000428       0x30 C:\Users\Luco\repoTest\lpc_chip_175x_6x\Debug\liblpc_chip_175x_6x.a(iocon_17xx_40xx.o)
 .debug_aranges
                0x00000458       0x60 C:\Users\Luco\repoTest\lpc_chip_175x_6x\Debug\liblpc_chip_175x_6x.a(sysinit_17xx_40xx.o)
 .debug_aranges
                0x000004b8      0x128 C:\Users\Luco\repoTest\lpc_chip_175x_6x\Debug\liblpc_chip_175x_6x.a(uart_17xx_40xx.o)

.debug_ranges   0x00000000      0x518
 .debug_ranges  0x00000000       0x10 ./src/DemoLibLucasBoard.o
 .debug_ranges  0x00000010       0x70 ./src/cr_startup_lpc175x_6x.o
 .debug_ranges  0x00000080       0x10 ./src/sysinit.o
 .debug_ranges  0x00000090       0x58 C:\Users\Luco\repoTest\lib_lucas_board\Debug\liblib_lucas_board.a(LED.o)
 .debug_ranges  0x000000e8      0x148 C:\Users\Luco\repoTest\lpc_board_nxp_lpcxpresso_1769\Debug\liblpc_board_nxp_lpcxpresso_1769.a(board.o)
 .debug_ranges  0x00000230       0x28 C:\Users\Luco\repoTest\lpc_board_nxp_lpcxpresso_1769\Debug\liblpc_board_nxp_lpcxpresso_1769.a(board_sysinit.o)
 .debug_ranges  0x00000258       0x28 C:\Users\Luco\repoTest\lpc_chip_175x_6x\Debug\liblpc_chip_175x_6x.a(chip_17xx_40xx.o)
 .debug_ranges  0x00000280      0x110 C:\Users\Luco\repoTest\lpc_chip_175x_6x\Debug\liblpc_chip_175x_6x.a(clock_17xx_40xx.o)
 .debug_ranges  0x00000390       0x20 C:\Users\Luco\repoTest\lpc_chip_175x_6x\Debug\liblpc_chip_175x_6x.a(iocon_17xx_40xx.o)
 .debug_ranges  0x000003b0       0x50 C:\Users\Luco\repoTest\lpc_chip_175x_6x\Debug\liblpc_chip_175x_6x.a(sysinit_17xx_40xx.o)
 .debug_ranges  0x00000400      0x118 C:\Users\Luco\repoTest\lpc_chip_175x_6x\Debug\liblpc_chip_175x_6x.a(uart_17xx_40xx.o)

.debug_macro    0x00000000     0x65b3
 .debug_macro   0x00000000      0x229 ./src/DemoLibLucasBoard.o
 .debug_macro   0x00000229      0x8ce ./src/DemoLibLucasBoard.o
 .debug_macro   0x00000af7       0x10 ./src/DemoLibLucasBoard.o
 .debug_macro   0x00000b07      0x12d ./src/DemoLibLucasBoard.o
 .debug_macro   0x00000c34      0x5b2 ./src/DemoLibLucasBoard.o
 .debug_macro   0x000011e6       0x22 ./src/DemoLibLucasBoard.o
 .debug_macro   0x00001208       0x7b ./src/DemoLibLucasBoard.o
 .debug_macro   0x00001283       0x10 ./src/DemoLibLucasBoard.o
 .debug_macro   0x00001293       0x2d ./src/DemoLibLucasBoard.o
 .debug_macro   0x000012c0       0x3a ./src/DemoLibLucasBoard.o
 .debug_macro   0x000012fa       0x2d ./src/DemoLibLucasBoard.o
 .debug_macro   0x00001327      0xbb1 ./src/DemoLibLucasBoard.o
 .debug_macro   0x00001ed8      0x217 ./src/DemoLibLucasBoard.o
 .debug_macro   0x000020ef       0x42 ./src/DemoLibLucasBoard.o
 .debug_macro   0x00002131       0x52 ./src/DemoLibLucasBoard.o
 .debug_macro   0x00002183       0x78 ./src/DemoLibLucasBoard.o
 .debug_macro   0x000021fb       0x82 ./src/DemoLibLucasBoard.o
 .debug_macro   0x0000227d      0x48c ./src/DemoLibLucasBoard.o
 .debug_macro   0x00002709       0x34 ./src/DemoLibLucasBoard.o
 .debug_macro   0x0000273d      0x4c5 ./src/DemoLibLucasBoard.o
 .debug_macro   0x00002c02      0x1b7 ./src/DemoLibLucasBoard.o
 .debug_macro   0x00002db9       0x10 ./src/DemoLibLucasBoard.o
 .debug_macro   0x00002dc9      0x21b ./src/DemoLibLucasBoard.o
 .debug_macro   0x00002fe4      0x1b9 ./src/DemoLibLucasBoard.o
 .debug_macro   0x0000319d       0x40 ./src/DemoLibLucasBoard.o
 .debug_macro   0x000031dd       0x22 ./src/DemoLibLucasBoard.o
 .debug_macro   0x000031ff      0x162 ./src/DemoLibLucasBoard.o
 .debug_macro   0x00003361       0x94 ./src/DemoLibLucasBoard.o
 .debug_macro   0x000033f5       0xb8 ./src/DemoLibLucasBoard.o
 .debug_macro   0x000034ad       0x4c ./src/DemoLibLucasBoard.o
 .debug_macro   0x000034f9       0x16 ./src/DemoLibLucasBoard.o
 .debug_macro   0x0000350f      0x328 ./src/DemoLibLucasBoard.o
 .debug_macro   0x00003837       0x49 ./src/DemoLibLucasBoard.o
 .debug_macro   0x00003880       0x16 ./src/DemoLibLucasBoard.o
 .debug_macro   0x00003896       0xca ./src/DemoLibLucasBoard.o
 .debug_macro   0x00003960       0x18 ./src/DemoLibLucasBoard.o
 .debug_macro   0x00003978       0x70 ./src/DemoLibLucasBoard.o
 .debug_macro   0x000039e8       0x9a ./src/DemoLibLucasBoard.o
 .debug_macro   0x00003a82       0x20 ./src/DemoLibLucasBoard.o
 .debug_macro   0x00003aa2       0x28 ./src/DemoLibLucasBoard.o
 .debug_macro   0x00003aca       0x82 ./src/DemoLibLucasBoard.o
 .debug_macro   0x00003b4c       0x10 ./src/DemoLibLucasBoard.o
 .debug_macro   0x00003b5c       0x1d ./src/cr_startup_lpc175x_6x.o
 .debug_macro   0x00003b79       0x1a ./src/crp.o
 .debug_macro   0x00003b93       0x34 ./src/crp.o
 .debug_macro   0x00003bc7      0x217 ./src/sysinit.o
 .debug_macro   0x00003dde      0x1d6 C:\Users\Luco\repoTest\lib_lucas_board\Debug\liblib_lucas_board.a(LED.o)
 .debug_macro   0x00003fb4      0x88c C:\Users\Luco\repoTest\lib_lucas_board\Debug\liblib_lucas_board.a(LED.o)
 .debug_macro   0x00004840       0x10 C:\Users\Luco\repoTest\lib_lucas_board\Debug\liblib_lucas_board.a(LED.o)
 .debug_macro   0x00004850       0x10 C:\Users\Luco\repoTest\lib_lucas_board\Debug\liblib_lucas_board.a(LED.o)
 .debug_macro   0x00004860      0x12d C:\Users\Luco\repoTest\lib_lucas_board\Debug\liblib_lucas_board.a(LED.o)
 .debug_macro   0x0000498d      0x5b2 C:\Users\Luco\repoTest\lib_lucas_board\Debug\liblib_lucas_board.a(LED.o)
 .debug_macro   0x00004f3f      0x282 C:\Users\Luco\repoTest\lpc_board_nxp_lpcxpresso_1769\Debug\liblpc_board_nxp_lpcxpresso_1769.a(board.o)
 .debug_macro   0x000051c1      0x8c8 C:\Users\Luco\repoTest\lpc_board_nxp_lpcxpresso_1769\Debug\liblpc_board_nxp_lpcxpresso_1769.a(board.o)
 .debug_macro   0x00005a89       0x12 C:\Users\Luco\repoTest\lpc_board_nxp_lpcxpresso_1769\Debug\liblpc_board_nxp_lpcxpresso_1769.a(board.o)
 .debug_macro   0x00005a9b      0x217 C:\Users\Luco\repoTest\lpc_board_nxp_lpcxpresso_1769\Debug\liblpc_board_nxp_lpcxpresso_1769.a(board_sysinit.o)
 .debug_macro   0x00005cb2      0x1cd C:\Users\Luco\repoTest\lpc_chip_175x_6x\Debug\liblpc_chip_175x_6x.a(chip_17xx_40xx.o)
 .debug_macro   0x00005e7f      0x1cd C:\Users\Luco\repoTest\lpc_chip_175x_6x\Debug\liblpc_chip_175x_6x.a(clock_17xx_40xx.o)
 .debug_macro   0x0000604c      0x1cd C:\Users\Luco\repoTest\lpc_chip_175x_6x\Debug\liblpc_chip_175x_6x.a(iocon_17xx_40xx.o)
 .debug_macro   0x00006219      0x1cd C:\Users\Luco\repoTest\lpc_chip_175x_6x\Debug\liblpc_chip_175x_6x.a(sysinit_17xx_40xx.o)
 .debug_macro   0x000063e6      0x1cd C:\Users\Luco\repoTest\lpc_chip_175x_6x\Debug\liblpc_chip_175x_6x.a(uart_17xx_40xx.o)

.debug_line     0x00000000     0x3695
 .debug_line    0x00000000      0x4ef ./src/DemoLibLucasBoard.o
 .debug_line    0x000004ef       0xd3 ./src/cr_startup_lpc175x_6x.o
 .debug_line    0x000005c2       0x75 ./src/crp.o
 .debug_line    0x00000637      0x44d ./src/sysinit.o
 .debug_line    0x00000a84      0x4f1 C:\Users\Luco\repoTest\lib_lucas_board\Debug\liblib_lucas_board.a(LED.o)
 .debug_line    0x00000f75      0x7dd C:\Users\Luco\repoTest\lpc_board_nxp_lpcxpresso_1769\Debug\liblpc_board_nxp_lpcxpresso_1769.a(board.o)
 .debug_line    0x00001752      0x48d C:\Users\Luco\repoTest\lpc_board_nxp_lpcxpresso_1769\Debug\liblpc_board_nxp_lpcxpresso_1769.a(board_sysinit.o)
 .debug_line    0x00001bdf      0x431 C:\Users\Luco\repoTest\lpc_chip_175x_6x\Debug\liblpc_chip_175x_6x.a(chip_17xx_40xx.o)
 .debug_line    0x00002010      0x6ae C:\Users\Luco\repoTest\lpc_chip_175x_6x\Debug\liblpc_chip_175x_6x.a(clock_17xx_40xx.o)
 .debug_line    0x000026be      0x41e C:\Users\Luco\repoTest\lpc_chip_175x_6x\Debug\liblpc_chip_175x_6x.a(iocon_17xx_40xx.o)
 .debug_line    0x00002adc      0x4a8 C:\Users\Luco\repoTest\lpc_chip_175x_6x\Debug\liblpc_chip_175x_6x.a(sysinit_17xx_40xx.o)
 .debug_line    0x00002f84      0x711 C:\Users\Luco\repoTest\lpc_chip_175x_6x\Debug\liblpc_chip_175x_6x.a(uart_17xx_40xx.o)

.debug_str      0x00000000    0x13a21
 .debug_str     0x00000000    0x10e53 ./src/DemoLibLucasBoard.o
                              0x10f31 (size before relaxing)
 .debug_str     0x00010e53      0x1d6 ./src/cr_startup_lpc175x_6x.o
                               0x2765 (size before relaxing)
 .debug_str     0x00011029       0xe9 ./src/crp.o
                               0x2669 (size before relaxing)
 .debug_str     0x00011112       0x1b ./src/sysinit.o
                              0x10ae8 (size before relaxing)
 .debug_str     0x0001112d      0xec0 C:\Users\Luco\repoTest\lib_lucas_board\Debug\liblib_lucas_board.a(LED.o)
                              0x107b8 (size before relaxing)
 .debug_str     0x00011fed      0xa33 C:\Users\Luco\repoTest\lpc_board_nxp_lpcxpresso_1769\Debug\liblpc_board_nxp_lpcxpresso_1769.a(board.o)
                              0x11634 (size before relaxing)
 .debug_str     0x00012a20      0x241 C:\Users\Luco\repoTest\lpc_board_nxp_lpcxpresso_1769\Debug\liblpc_board_nxp_lpcxpresso_1769.a(board_sysinit.o)
                              0x10ecf (size before relaxing)
 .debug_str     0x00012c61       0xa1 C:\Users\Luco\repoTest\lpc_chip_175x_6x\Debug\liblpc_chip_175x_6x.a(chip_17xx_40xx.o)
                              0x1086e (size before relaxing)
 .debug_str     0x00012d02      0x857 C:\Users\Luco\repoTest\lpc_chip_175x_6x\Debug\liblpc_chip_175x_6x.a(clock_17xx_40xx.o)
                              0x1119d (size before relaxing)
 .debug_str     0x00013559       0x79 C:\Users\Luco\repoTest\lpc_chip_175x_6x\Debug\liblpc_chip_175x_6x.a(iocon_17xx_40xx.o)
                              0x1061a (size before relaxing)
 .debug_str     0x000135d2       0xc4 C:\Users\Luco\repoTest\lpc_chip_175x_6x\Debug\liblpc_chip_175x_6x.a(sysinit_17xx_40xx.o)
                              0x10802 (size before relaxing)
 .debug_str     0x00013696      0x38b C:\Users\Luco\repoTest\lpc_chip_175x_6x\Debug\liblpc_chip_175x_6x.a(uart_17xx_40xx.o)
                              0x11035 (size before relaxing)

.comment        0x00000000       0xed
 .comment       0x00000000       0x7f ./src/DemoLibLucasBoard.o
                                 0x80 (size before relaxing)
 .comment       0x0000007f       0x80 ./src/cr_startup_lpc175x_6x.o
 .comment       0x0000007f       0x80 ./src/crp.o
 .comment       0x0000007f       0x80 ./src/sysinit.o
 .comment       0x0000007f       0x6e C:\Users\Luco\repoTest\lib_lucas_board\Debug\liblib_lucas_board.a(LED.o)
                                 0x6f (size before relaxing)
 .comment       0x000000ed       0x80 C:\Users\Luco\repoTest\lpc_board_nxp_lpcxpresso_1769\Debug\liblpc_board_nxp_lpcxpresso_1769.a(board.o)
 .comment       0x000000ed       0x80 C:\Users\Luco\repoTest\lpc_board_nxp_lpcxpresso_1769\Debug\liblpc_board_nxp_lpcxpresso_1769.a(board_sysinit.o)
 .comment       0x000000ed       0x80 C:\Users\Luco\repoTest\lpc_chip_175x_6x\Debug\liblpc_chip_175x_6x.a(chip_17xx_40xx.o)
 .comment       0x000000ed       0x80 C:\Users\Luco\repoTest\lpc_chip_175x_6x\Debug\liblpc_chip_175x_6x.a(clock_17xx_40xx.o)
 .comment       0x000000ed       0x80 C:\Users\Luco\repoTest\lpc_chip_175x_6x\Debug\liblpc_chip_175x_6x.a(iocon_17xx_40xx.o)
 .comment       0x000000ed       0x80 C:\Users\Luco\repoTest\lpc_chip_175x_6x\Debug\liblpc_chip_175x_6x.a(sysinit_17xx_40xx.o)
 .comment       0x000000ed       0x80 C:\Users\Luco\repoTest\lpc_chip_175x_6x\Debug\liblpc_chip_175x_6x.a(uart_17xx_40xx.o)
 .comment       0x000000ed       0x80 c:/nxp/mcuxpressoide_10.1.1_606/ide/tools/bin/../lib/gcc/arm-none-eabi/6.3.1/../../../../arm-none-eabi/lib/thumb/v7-m\libcr_nohost_nf.a(_cr__main.o)
 .comment       0x000000ed       0x80 c:/nxp/mcuxpressoide_10.1.1_606/ide/tools/bin/../lib/gcc/arm-none-eabi/6.3.1/../../../../arm-none-eabi/lib/thumb/v7-m\libcr_c.a(initio.o)
 .comment       0x000000ed       0x80 c:/nxp/mcuxpressoide_10.1.1_606/ide/tools/bin/../lib/gcc/arm-none-eabi/6.3.1/../../../../arm-none-eabi/lib/thumb/v7-m\libcr_c.a(setvbuf.o)
 .comment       0x000000ed       0x80 c:/nxp/mcuxpressoide_10.1.1_606/ide/tools/bin/../lib/gcc/arm-none-eabi/6.3.1/../../../../arm-none-eabi/lib/thumb/v7-m\libcr_c.a(_fdopen.o)
 .comment       0x000000ed       0x80 c:/nxp/mcuxpressoide_10.1.1_606/ide/tools/bin/../lib/gcc/arm-none-eabi/6.3.1/../../../../arm-none-eabi/lib/thumb/v7-m\libcr_c.a(fclose.o)
 .comment       0x000000ed       0x80 c:/nxp/mcuxpressoide_10.1.1_606/ide/tools/bin/../lib/gcc/arm-none-eabi/6.3.1/../../../../arm-none-eabi/lib/thumb/v7-m\libcr_c.a(fflush.o)
 .comment       0x000000ed       0x80 c:/nxp/mcuxpressoide_10.1.1_606/ide/tools/bin/../lib/gcc/arm-none-eabi/6.3.1/../../../../arm-none-eabi/lib/thumb/v7-m\libcr_c.a(fseek.o)
 .comment       0x000000ed       0x80 c:/nxp/mcuxpressoide_10.1.1_606/ide/tools/bin/../lib/gcc/arm-none-eabi/6.3.1/../../../../arm-none-eabi/lib/thumb/v7-m\libcr_c.a(ftell.o)
 .comment       0x000000ed       0x80 c:/nxp/mcuxpressoide_10.1.1_606/ide/tools/bin/../lib/gcc/arm-none-eabi/6.3.1/../../../../arm-none-eabi/lib/thumb/v7-m\libcr_c.a(remove.o)
 .comment       0x000000ed       0x80 c:/nxp/mcuxpressoide_10.1.1_606/ide/tools/bin/../lib/gcc/arm-none-eabi/6.3.1/../../../../arm-none-eabi/lib/thumb/v7-m\libcr_c.a(strlen.o)
 .comment       0x000000ed       0x80 c:/nxp/mcuxpressoide_10.1.1_606/ide/tools/bin/../lib/gcc/arm-none-eabi/6.3.1/../../../../arm-none-eabi/lib/thumb/v7-m\libcr_c.a(memset.o)
 .comment       0x000000ed       0x80 c:/nxp/mcuxpressoide_10.1.1_606/ide/tools/bin/../lib/gcc/arm-none-eabi/6.3.1/../../../../arm-none-eabi/lib/thumb/v7-m\libcr_c.a(_do_fflush.o)
 .comment       0x000000ed       0x80 c:/nxp/mcuxpressoide_10.1.1_606/ide/tools/bin/../lib/gcc/arm-none-eabi/6.3.1/../../../../arm-none-eabi/lib/thumb/v7-m\libcr_c.a(_fflush.o)
 .comment       0x000000ed       0x80 c:/nxp/mcuxpressoide_10.1.1_606/ide/tools/bin/../lib/gcc/arm-none-eabi/6.3.1/../../../../arm-none-eabi/lib/thumb/v7-m\libcr_c.a(_writebuf.o)
 .comment       0x000000ed       0x80 c:/nxp/mcuxpressoide_10.1.1_606/ide/tools/bin/../lib/gcc/arm-none-eabi/6.3.1/../../../../arm-none-eabi/lib/thumb/v7-m\libcr_c.a(alloc.o)
 .comment       0x000000ed       0x80 c:/nxp/mcuxpressoide_10.1.1_606/ide/tools/bin/../lib/gcc/arm-none-eabi/6.3.1/../../../../arm-none-eabi/lib/thumb/v7-m\libcr_c.a(errno.o)
 .comment       0x000000ed       0x80 c:/nxp/mcuxpressoide_10.1.1_606/ide/tools/bin/../lib/gcc/arm-none-eabi/6.3.1/../../../../arm-none-eabi/lib/thumb/v7-m\libcr_c.a(_deferredlazyseek.o)
 .comment       0x000000ed       0x80 c:/nxp/mcuxpressoide_10.1.1_606/ide/tools/bin/../lib/gcc/arm-none-eabi/6.3.1/../../../../arm-none-eabi/lib/thumb/v7-m\libcr_nohost_nf.a(__ciob.o)
 .comment       0x000000ed       0x80 c:/nxp/mcuxpressoide_10.1.1_606/ide/tools/bin/../lib/gcc/arm-none-eabi/6.3.1/../../../../arm-none-eabi/lib/thumb/v7-m\libcr_nohost_nf.a(__sys_close.o)
 .comment       0x000000ed       0x80 c:/nxp/mcuxpressoide_10.1.1_606/ide/tools/bin/../lib/gcc/arm-none-eabi/6.3.1/../../../../arm-none-eabi/lib/thumb/v7-m\libcr_nohost_nf.a(__sys_flen.o)
 .comment       0x000000ed       0x80 c:/nxp/mcuxpressoide_10.1.1_606/ide/tools/bin/../lib/gcc/arm-none-eabi/6.3.1/../../../../arm-none-eabi/lib/thumb/v7-m\libcr_nohost_nf.a(__sys_istty.o)
 .comment       0x000000ed       0x80 c:/nxp/mcuxpressoide_10.1.1_606/ide/tools/bin/../lib/gcc/arm-none-eabi/6.3.1/../../../../arm-none-eabi/lib/thumb/v7-m\libcr_nohost_nf.a(__sys_remove.o)
 .comment       0x000000ed       0x80 c:/nxp/mcuxpressoide_10.1.1_606/ide/tools/bin/../lib/gcc/arm-none-eabi/6.3.1/../../../../arm-none-eabi/lib/thumb/v7-m\libcr_nohost_nf.a(__sys_seek.o)
 .comment       0x000000ed       0x80 c:/nxp/mcuxpressoide_10.1.1_606/ide/tools/bin/../lib/gcc/arm-none-eabi/6.3.1/../../../../arm-none-eabi/lib/thumb/v7-m\libcr_nohost_nf.a(__sys_tmpnam.o)

.ARM.attributes
                0x00000000       0x31
 .ARM.attributes
                0x00000000       0x33 ./src/DemoLibLucasBoard.o
 .ARM.attributes
                0x00000033       0x33 ./src/cr_startup_lpc175x_6x.o
 .ARM.attributes
                0x00000066       0x33 ./src/crp.o
 .ARM.attributes
                0x00000099       0x33 ./src/sysinit.o
 .ARM.attributes
                0x000000cc       0x33 C:\Users\Luco\repoTest\lib_lucas_board\Debug\liblib_lucas_board.a(LED.o)
 .ARM.attributes
                0x000000ff       0x33 C:\Users\Luco\repoTest\lpc_board_nxp_lpcxpresso_1769\Debug\liblpc_board_nxp_lpcxpresso_1769.a(board.o)
 .ARM.attributes
                0x00000132       0x33 C:\Users\Luco\repoTest\lpc_board_nxp_lpcxpresso_1769\Debug\liblpc_board_nxp_lpcxpresso_1769.a(board_sysinit.o)
 .ARM.attributes
                0x00000165       0x33 C:\Users\Luco\repoTest\lpc_chip_175x_6x\Debug\liblpc_chip_175x_6x.a(chip_17xx_40xx.o)
 .ARM.attributes
                0x00000198       0x33 C:\Users\Luco\repoTest\lpc_chip_175x_6x\Debug\liblpc_chip_175x_6x.a(clock_17xx_40xx.o)
 .ARM.attributes
                0x000001cb       0x33 C:\Users\Luco\repoTest\lpc_chip_175x_6x\Debug\liblpc_chip_175x_6x.a(iocon_17xx_40xx.o)
 .ARM.attributes
                0x000001fe       0x33 C:\Users\Luco\repoTest\lpc_chip_175x_6x\Debug\liblpc_chip_175x_6x.a(sysinit_17xx_40xx.o)
 .ARM.attributes
                0x00000231       0x33 C:\Users\Luco\repoTest\lpc_chip_175x_6x\Debug\liblpc_chip_175x_6x.a(uart_17xx_40xx.o)
 .ARM.attributes
                0x00000264       0x33 c:/nxp/mcuxpressoide_10.1.1_606/ide/tools/bin/../lib/gcc/arm-none-eabi/6.3.1/../../../../arm-none-eabi/lib/thumb/v7-m\libcr_nohost_nf.a(_cr__main.o)
 .ARM.attributes
                0x00000297       0x33 c:/nxp/mcuxpressoide_10.1.1_606/ide/tools/bin/../lib/gcc/arm-none-eabi/6.3.1/../../../../arm-none-eabi/lib/thumb/v7-m\libcr_c.a(initio.o)
 .ARM.attributes
                0x000002ca       0x33 c:/nxp/mcuxpressoide_10.1.1_606/ide/tools/bin/../lib/gcc/arm-none-eabi/6.3.1/../../../../arm-none-eabi/lib/thumb/v7-m\libcr_c.a(setvbuf.o)
 .ARM.attributes
                0x000002fd       0x33 c:/nxp/mcuxpressoide_10.1.1_606/ide/tools/bin/../lib/gcc/arm-none-eabi/6.3.1/../../../../arm-none-eabi/lib/thumb/v7-m\libcr_c.a(_fdopen.o)
 .ARM.attributes
                0x00000330       0x33 c:/nxp/mcuxpressoide_10.1.1_606/ide/tools/bin/../lib/gcc/arm-none-eabi/6.3.1/../../../../arm-none-eabi/lib/thumb/v7-m\libcr_c.a(fclose.o)
 .ARM.attributes
                0x00000363       0x33 c:/nxp/mcuxpressoide_10.1.1_606/ide/tools/bin/../lib/gcc/arm-none-eabi/6.3.1/../../../../arm-none-eabi/lib/thumb/v7-m\libcr_c.a(fflush.o)
 .ARM.attributes
                0x00000396       0x33 c:/nxp/mcuxpressoide_10.1.1_606/ide/tools/bin/../lib/gcc/arm-none-eabi/6.3.1/../../../../arm-none-eabi/lib/thumb/v7-m\libcr_c.a(fseek.o)
 .ARM.attributes
                0x000003c9       0x33 c:/nxp/mcuxpressoide_10.1.1_606/ide/tools/bin/../lib/gcc/arm-none-eabi/6.3.1/../../../../arm-none-eabi/lib/thumb/v7-m\libcr_c.a(ftell.o)
 .ARM.attributes
                0x000003fc       0x33 c:/nxp/mcuxpressoide_10.1.1_606/ide/tools/bin/../lib/gcc/arm-none-eabi/6.3.1/../../../../arm-none-eabi/lib/thumb/v7-m\libcr_c.a(remove.o)
 .ARM.attributes
                0x0000042f       0x33 c:/nxp/mcuxpressoide_10.1.1_606/ide/tools/bin/../lib/gcc/arm-none-eabi/6.3.1/../../../../arm-none-eabi/lib/thumb/v7-m\libcr_c.a(strlen.o)
 .ARM.attributes
                0x00000462       0x33 c:/nxp/mcuxpressoide_10.1.1_606/ide/tools/bin/../lib/gcc/arm-none-eabi/6.3.1/../../../../arm-none-eabi/lib/thumb/v7-m\libcr_c.a(memset.o)
 .ARM.attributes
                0x00000495       0x33 c:/nxp/mcuxpressoide_10.1.1_606/ide/tools/bin/../lib/gcc/arm-none-eabi/6.3.1/../../../../arm-none-eabi/lib/thumb/v7-m\libcr_c.a(_do_fflush.o)
 .ARM.attributes
                0x000004c8       0x33 c:/nxp/mcuxpressoide_10.1.1_606/ide/tools/bin/../lib/gcc/arm-none-eabi/6.3.1/../../../../arm-none-eabi/lib/thumb/v7-m\libcr_c.a(_fflush.o)
 .ARM.attributes
                0x000004fb       0x33 c:/nxp/mcuxpressoide_10.1.1_606/ide/tools/bin/../lib/gcc/arm-none-eabi/6.3.1/../../../../arm-none-eabi/lib/thumb/v7-m\libcr_c.a(_writebuf.o)
 .ARM.attributes
                0x0000052e       0x33 c:/nxp/mcuxpressoide_10.1.1_606/ide/tools/bin/../lib/gcc/arm-none-eabi/6.3.1/../../../../arm-none-eabi/lib/thumb/v7-m\libcr_c.a(alloc.o)
 .ARM.attributes
                0x00000561       0x33 c:/nxp/mcuxpressoide_10.1.1_606/ide/tools/bin/../lib/gcc/arm-none-eabi/6.3.1/../../../../arm-none-eabi/lib/thumb/v7-m\libcr_c.a(errno.o)
 .ARM.attributes
                0x00000594       0x33 c:/nxp/mcuxpressoide_10.1.1_606/ide/tools/bin/../lib/gcc/arm-none-eabi/6.3.1/../../../../arm-none-eabi/lib/thumb/v7-m\libcr_c.a(_deferredlazyseek.o)
 .ARM.attributes
                0x000005c7       0x21 c:/nxp/mcuxpressoide_10.1.1_606/ide/tools/bin/../lib/gcc/arm-none-eabi/6.3.1/thumb/v7-m\libcr_eabihelpers.a(memcpy.o)
 .ARM.attributes
                0x000005e8       0x33 c:/nxp/mcuxpressoide_10.1.1_606/ide/tools/bin/../lib/gcc/arm-none-eabi/6.3.1/../../../../arm-none-eabi/lib/thumb/v7-m\libcr_nohost_nf.a(__ciob.o)
 .ARM.attributes
                0x0000061b       0x33 c:/nxp/mcuxpressoide_10.1.1_606/ide/tools/bin/../lib/gcc/arm-none-eabi/6.3.1/../../../../arm-none-eabi/lib/thumb/v7-m\libcr_nohost_nf.a(__sys_close.o)
 .ARM.attributes
                0x0000064e       0x33 c:/nxp/mcuxpressoide_10.1.1_606/ide/tools/bin/../lib/gcc/arm-none-eabi/6.3.1/../../../../arm-none-eabi/lib/thumb/v7-m\libcr_nohost_nf.a(__sys_flen.o)
 .ARM.attributes
                0x00000681       0x33 c:/nxp/mcuxpressoide_10.1.1_606/ide/tools/bin/../lib/gcc/arm-none-eabi/6.3.1/../../../../arm-none-eabi/lib/thumb/v7-m\libcr_nohost_nf.a(__sys_istty.o)
 .ARM.attributes
                0x000006b4       0x33 c:/nxp/mcuxpressoide_10.1.1_606/ide/tools/bin/../lib/gcc/arm-none-eabi/6.3.1/../../../../arm-none-eabi/lib/thumb/v7-m\libcr_nohost_nf.a(__sys_remove.o)
 .ARM.attributes
                0x000006e7       0x33 c:/nxp/mcuxpressoide_10.1.1_606/ide/tools/bin/../lib/gcc/arm-none-eabi/6.3.1/../../../../arm-none-eabi/lib/thumb/v7-m\libcr_nohost_nf.a(__sys_seek.o)
 .ARM.attributes
                0x0000071a       0x33 c:/nxp/mcuxpressoide_10.1.1_606/ide/tools/bin/../lib/gcc/arm-none-eabi/6.3.1/../../../../arm-none-eabi/lib/thumb/v7-m\libcr_nohost_nf.a(__sys_tmpnam.o)

.debug_frame    0x00000000     0x1560
 .debug_frame   0x00000000       0x2c ./src/DemoLibLucasBoard.o
 .debug_frame   0x0000002c      0x170 ./src/cr_startup_lpc175x_6x.o
 .debug_frame   0x0000019c       0x34 ./src/sysinit.o
 .debug_frame   0x000001d0      0x168 C:\Users\Luco\repoTest\lib_lucas_board\Debug\liblib_lucas_board.a(LED.o)
 .debug_frame   0x00000338      0x5b0 C:\Users\Luco\repoTest\lpc_board_nxp_lpcxpresso_1769\Debug\liblpc_board_nxp_lpcxpresso_1769.a(board.o)
 .debug_frame   0x000008e8       0x8c C:\Users\Luco\repoTest\lpc_board_nxp_lpcxpresso_1769\Debug\liblpc_board_nxp_lpcxpresso_1769.a(board_sysinit.o)
 .debug_frame   0x00000974       0x88 C:\Users\Luco\repoTest\lpc_chip_175x_6x\Debug\liblpc_chip_175x_6x.a(chip_17xx_40xx.o)
 .debug_frame   0x000009fc      0x490 C:\Users\Luco\repoTest\lpc_chip_175x_6x\Debug\liblpc_chip_175x_6x.a(clock_17xx_40xx.o)
 .debug_frame   0x00000e8c       0x80 C:\Users\Luco\repoTest\lpc_chip_175x_6x\Debug\liblpc_chip_175x_6x.a(iocon_17xx_40xx.o)
 .debug_frame   0x00000f0c      0x12c C:\Users\Luco\repoTest\lpc_chip_175x_6x\Debug\liblpc_chip_175x_6x.a(sysinit_17xx_40xx.o)
 .debug_frame   0x00001038      0x528 C:\Users\Luco\repoTest\lpc_chip_175x_6x\Debug\liblpc_chip_175x_6x.a(uart_17xx_40xx.o)
